Symlinking /home/unitree/unitree/Odometer_service/devel/lib/pkgconfig/svo_msgs.pc
Symlinking /home/unitree/unitree/Odometer_service/devel/lib/python3/dist-packages/svo_msgs/__init__.py
Symlinking /home/unitree/unitree/Odometer_service/devel/lib/python3/dist-packages/svo_msgs/msg/_NbvTrajectory.py
Symlinking /home/unitree/unitree/Odometer_service/devel/lib/python3/dist-packages/svo_msgs/msg/_Info.py
Symlinking /home/unitree/unitree/Odometer_service/devel/lib/python3/dist-packages/svo_msgs/msg/_Feature.py
Symlinking /home/unitree/unitree/Odometer_service/devel/lib/python3/dist-packages/svo_msgs/msg/_DenseInputWithFeatures.py
Symlinking /home/unitree/unitree/Odometer_service/devel/lib/python3/dist-packages/svo_msgs/msg/_DenseInput.py
Symlinking /home/unitree/unitree/Odometer_service/devel/lib/python3/dist-packages/svo_msgs/msg/__init__.py
Symlinking /home/unitree/unitree/Odometer_service/devel/share/gennodejs/ros/svo_msgs/_index.js
Symlinking /home/unitree/unitree/Odometer_service/devel/share/gennodejs/ros/svo_msgs/msg/Info.js
Symlinking /home/unitree/unitree/Odometer_service/devel/share/gennodejs/ros/svo_msgs/msg/Feature.js
Symlinking /home/unitree/unitree/Odometer_service/devel/share/gennodejs/ros/svo_msgs/msg/NbvTrajectory.js
Symlinking /home/unitree/unitree/Odometer_service/devel/share/gennodejs/ros/svo_msgs/msg/DenseInput.js
Symlinking /home/unitree/unitree/Odometer_service/devel/share/gennodejs/ros/svo_msgs/msg/DenseInputWithFeatures.js
Symlinking /home/unitree/unitree/Odometer_service/devel/share/gennodejs/ros/svo_msgs/msg/_index.js
Symlinking /home/unitree/unitree/Odometer_service/devel/share/common-lisp/ros/svo_msgs/msg/_package_DenseInput.lisp
Symlinking /home/unitree/unitree/Odometer_service/devel/share/common-lisp/ros/svo_msgs/msg/_package_Feature.lisp
Symlinking /home/unitree/unitree/Odometer_service/devel/share/common-lisp/ros/svo_msgs/msg/Info.lisp
Symlinking /home/unitree/unitree/Odometer_service/devel/share/common-lisp/ros/svo_msgs/msg/_package_DenseInputWithFeatures.lisp
Symlinking /home/unitree/unitree/Odometer_service/devel/share/common-lisp/ros/svo_msgs/msg/_package.lisp
Symlinking /home/unitree/unitree/Odometer_service/devel/share/common-lisp/ros/svo_msgs/msg/_package_NbvTrajectory.lisp
Symlinking /home/unitree/unitree/Odometer_service/devel/share/common-lisp/ros/svo_msgs/msg/DenseInput.lisp
Symlinking /home/unitree/unitree/Odometer_service/devel/share/common-lisp/ros/svo_msgs/msg/Feature.lisp
Symlinking /home/unitree/unitree/Odometer_service/devel/share/common-lisp/ros/svo_msgs/msg/DenseInputWithFeatures.lisp
Symlinking /home/unitree/unitree/Odometer_service/devel/share/common-lisp/ros/svo_msgs/msg/svo_msgs-msg.asd
Symlinking /home/unitree/unitree/Odometer_service/devel/share/common-lisp/ros/svo_msgs/msg/_package_Info.lisp
Symlinking /home/unitree/unitree/Odometer_service/devel/share/common-lisp/ros/svo_msgs/msg/NbvTrajectory.lisp
Symlinking /home/unitree/unitree/Odometer_service/devel/share/svo_msgs/cmake/svo_msgsConfig-version.cmake
Symlinking /home/unitree/unitree/Odometer_service/devel/share/svo_msgs/cmake/svo_msgs-msg-paths.cmake
Symlinking /home/unitree/unitree/Odometer_service/devel/share/svo_msgs/cmake/svo_msgs-msg-extras.cmake
Symlinking /home/unitree/unitree/Odometer_service/devel/share/svo_msgs/cmake/svo_msgsConfig.cmake
Symlinking /home/unitree/unitree/Odometer_service/devel/share/roseus/ros/svo_msgs/manifest.l
Symlinking /home/unitree/unitree/Odometer_service/devel/share/roseus/ros/svo_msgs/msg/DenseInput.l
Symlinking /home/unitree/unitree/Odometer_service/devel/share/roseus/ros/svo_msgs/msg/DenseInputWithFeatures.l
Symlinking /home/unitree/unitree/Odometer_service/devel/share/roseus/ros/svo_msgs/msg/Feature.l
Symlinking /home/unitree/unitree/Odometer_service/devel/share/roseus/ros/svo_msgs/msg/Info.l
Symlinking /home/unitree/unitree/Odometer_service/devel/share/roseus/ros/svo_msgs/msg/NbvTrajectory.l
Symlinking /home/unitree/unitree/Odometer_service/devel/include/svo_msgs/NbvTrajectory.h
Symlinking /home/unitree/unitree/Odometer_service/devel/include/svo_msgs/DenseInput.h
Symlinking /home/unitree/unitree/Odometer_service/devel/include/svo_msgs/Feature.h
Symlinking /home/unitree/unitree/Odometer_service/devel/include/svo_msgs/DenseInputWithFeatures.h
Symlinking /home/unitree/unitree/Odometer_service/devel/include/svo_msgs/Info.h
