Symlinking /home/unitree/unitree/Odometer_service/devel/lib/libeigen_checks.so
Symlinking /home/unitree/unitree/Odometer_service/devel/lib/pkgconfig/eigen_checks.pc
Symlinking /home/unitree/unitree/Odometer_service/devel/share/eigen_checks/cmake/eigen_checks-extras.cmake
Symlinking /home/unitree/unitree/Odometer_service/devel/share/eigen_checks/cmake/eigen_checksConfig.cmake
Symlinking /home/unitree/unitree/Odometer_service/devel/share/eigen_checks/cmake/eigen_checksConfig-version.cmake
Cleaning: (/home/unitree/unitree/unitree_vo/devel/.private/eigen_checks/cmake.lock, /home/unitree/unitree/unitree_vo/devel/./cmake.lock)
Cleaning: (/home/unitree/unitree/unitree_vo/devel/.private/eigen_checks/lib/libeigen_checks.so, /home/unitree/unitree/unitree_vo/devel/lib/libeigen_checks.so)
Cleaning: (/home/unitree/unitree/unitree_vo/devel/.private/eigen_checks/lib/pkgconfig/eigen_checks.pc, /home/unitree/unitree/unitree_vo/devel/lib/pkgconfig/eigen_checks.pc)
Cleaning: (/home/unitree/unitree/unitree_vo/devel/.private/eigen_checks/share/eigen_checks/cmake/eigen_checks-extras.cmake, /home/unitree/unitree/unitree_vo/devel/share/eigen_checks/cmake/eigen_checks-extras.cmake)
Cleaning: (/home/unitree/unitree/unitree_vo/devel/.private/eigen_checks/share/eigen_checks/cmake/eigen_checksConfig.cmake, /home/unitree/unitree/unitree_vo/devel/share/eigen_checks/cmake/eigen_checksConfig.cmake)
Cleaning: (/home/unitree/unitree/unitree_vo/devel/.private/eigen_checks/share/eigen_checks/cmake/eigen_checksConfig-version.cmake, /home/unitree/unitree/unitree_vo/devel/share/eigen_checks/cmake/eigen_checksConfig-version.cmake)
Unlinking: /home/unitree/unitree/unitree_vo/devel/lib/libeigen_checks.so
Already unlinked: {}
Unlinking: /home/unitree/unitree/unitree_vo/devel/lib/pkgconfig/eigen_checks.pc
Already unlinked: {}
Unlinking: /home/unitree/unitree/unitree_vo/devel/share/eigen_checks/cmake/eigen_checks-extras.cmake
Already unlinked: {}
Unlinking: /home/unitree/unitree/unitree_vo/devel/share/eigen_checks/cmake/eigen_checksConfig.cmake
Already unlinked: {}
Unlinking: /home/unitree/unitree/unitree_vo/devel/share/eigen_checks/cmake/eigen_checksConfig-version.cmake
Already unlinked: {}
