Performing C++ SOURCE FILE Test CMAKE_HAVE_LIBC_PTHREAD failed with the following output:
Change Dir: /home/unitree/unitree/Odometer_service/build/opengv/CMakeFiles/CMakeTmp

Run Build Command(s):/usr/bin/make cmTC_a06ec/fast && /usr/bin/make -f CMakeFiles/cmTC_a06ec.dir/build.make CMakeFiles/cmTC_a06ec.dir/build
make[1]: Entering directory '/home/unitree/unitree/Odometer_service/build/opengv/CMakeFiles/CMakeTmp'
Building CXX object CMakeFiles/cmTC_a06ec.dir/src.cxx.o
/usr/bin/c++    -DCMAKE_HAVE_LIBC_PTHREAD   -o CMakeFiles/cmTC_a06ec.dir/src.cxx.o -c /home/unitree/unitree/Odometer_service/build/opengv/CMakeFiles/CMakeTmp/src.cxx
Linking CXX executable cmTC_a06ec
/usr/bin/cmake -E cmake_link_script CMakeFiles/cmTC_a06ec.dir/link.txt --verbose=1
/usr/bin/c++   -DCMAKE_HAVE_LIBC_PTHREAD    -rdynamic CMakeFiles/cmTC_a06ec.dir/src.cxx.o  -o cmTC_a06ec 
/usr/bin/ld: CMakeFiles/cmTC_a06ec.dir/src.cxx.o: in function `main':
src.cxx:(.text+0x48): undefined reference to `pthread_create'
/usr/bin/ld: src.cxx:(.text+0x50): undefined reference to `pthread_detach'
/usr/bin/ld: src.cxx:(.text+0x5c): undefined reference to `pthread_join'
collect2: error: ld returned 1 exit status
make[1]: *** [CMakeFiles/cmTC_a06ec.dir/build.make:87: cmTC_a06ec] Error 1
make[1]: Leaving directory '/home/unitree/unitree/Odometer_service/build/opengv/CMakeFiles/CMakeTmp'
make: *** [Makefile:121: cmTC_a06ec/fast] Error 2


Source file was:
#include <pthread.h>

void* test_func(void* data)
{
  return data;
}

int main(void)
{
  pthread_t thread;
  pthread_create(&thread, NULL, test_func, NULL);
  pthread_detach(thread);
  pthread_join(thread, NULL);
  pthread_atfork(NULL, NULL, NULL);
  pthread_exit(NULL);

  return 0;
}

Determining if the function pthread_create exists in the pthreads failed with the following output:
Change Dir: /home/unitree/unitree/Odometer_service/build/opengv/CMakeFiles/CMakeTmp

Run Build Command(s):/usr/bin/make cmTC_3e2fd/fast && /usr/bin/make -f CMakeFiles/cmTC_3e2fd.dir/build.make CMakeFiles/cmTC_3e2fd.dir/build
make[1]: Entering directory '/home/unitree/unitree/Odometer_service/build/opengv/CMakeFiles/CMakeTmp'
Building CXX object CMakeFiles/cmTC_3e2fd.dir/CheckFunctionExists.cxx.o
/usr/bin/c++    -DCHECK_FUNCTION_EXISTS=pthread_create   -o CMakeFiles/cmTC_3e2fd.dir/CheckFunctionExists.cxx.o -c /home/unitree/unitree/Odometer_service/build/opengv/CMakeFiles/CheckLibraryExists/CheckFunctionExists.cxx
Linking CXX executable cmTC_3e2fd
/usr/bin/cmake -E cmake_link_script CMakeFiles/cmTC_3e2fd.dir/link.txt --verbose=1
/usr/bin/c++   -DCHECK_FUNCTION_EXISTS=pthread_create    -rdynamic CMakeFiles/cmTC_3e2fd.dir/CheckFunctionExists.cxx.o  -o cmTC_3e2fd  -lpthreads 
/usr/bin/ld: cannot find -lpthreads
collect2: error: ld returned 1 exit status
make[1]: *** [CMakeFiles/cmTC_3e2fd.dir/build.make:87: cmTC_3e2fd] Error 1
make[1]: Leaving directory '/home/unitree/unitree/Odometer_service/build/opengv/CMakeFiles/CMakeTmp'
make: *** [Makefile:121: cmTC_3e2fd/fast] Error 2



