Symlinking /home/unitree/unitree/Odometer_service/devel/lib/libvikit_common.so
Symlinking /home/unitree/unitree/Odometer_service/devel/lib/vikit_common/vikit_test_timer
Symlinking /home/unitree/unitree/Odometer_service/devel/lib/vikit_common/vikit_test_common
Symlinking /home/unitree/unitree/Odometer_service/devel/lib/pkgconfig/vikit_common.pc
Symlinking /home/unitree/unitree/Odometer_service/devel/share/vikit_common/cmake/vikit_commonConfig-version.cmake
Symlinking /home/unitree/unitree/Odometer_service/devel/share/vikit_common/cmake/vikit_commonConfig.cmake
Cleaning: (/home/unitree/unitree/unitree_vo/devel/.private/vikit_common/cmake.lock, /home/unitree/unitree/unitree_vo/devel/./cmake.lock)
Cleaning: (/home/unitree/unitree/unitree_vo/devel/.private/vikit_common/lib/libvikit_common.so, /home/unitree/unitree/unitree_vo/devel/lib/libvikit_common.so)
Cleaning: (/home/unitree/unitree/unitree_vo/devel/.private/vikit_common/lib/vikit_common/vikit_test_timer, /home/unitree/unitree/unitree_vo/devel/lib/vikit_common/vikit_test_timer)
Cleaning: (/home/unitree/unitree/unitree_vo/devel/.private/vikit_common/lib/vikit_common/vikit_test_common, /home/unitree/unitree/unitree_vo/devel/lib/vikit_common/vikit_test_common)
Cleaning: (/home/unitree/unitree/unitree_vo/devel/.private/vikit_common/lib/pkgconfig/vikit_common.pc, /home/unitree/unitree/unitree_vo/devel/lib/pkgconfig/vikit_common.pc)
Cleaning: (/home/unitree/unitree/unitree_vo/devel/.private/vikit_common/share/vikit_common/cmake/vikit_commonConfig-version.cmake, /home/unitree/unitree/unitree_vo/devel/share/vikit_common/cmake/vikit_commonConfig-version.cmake)
Cleaning: (/home/unitree/unitree/unitree_vo/devel/.private/vikit_common/share/vikit_common/cmake/vikit_commonConfig.cmake, /home/unitree/unitree/unitree_vo/devel/share/vikit_common/cmake/vikit_commonConfig.cmake)
Unlinking: /home/unitree/unitree/unitree_vo/devel/lib/libvikit_common.so
Already unlinked: {}
Unlinking: /home/unitree/unitree/unitree_vo/devel/lib/vikit_common/vikit_test_timer
Already unlinked: {}
Unlinking: /home/unitree/unitree/unitree_vo/devel/lib/vikit_common/vikit_test_common
Already unlinked: {}
Unlinking: /home/unitree/unitree/unitree_vo/devel/lib/pkgconfig/vikit_common.pc
Already unlinked: {}
Unlinking: /home/unitree/unitree/unitree_vo/devel/share/vikit_common/cmake/vikit_commonConfig-version.cmake
Already unlinked: {}
Unlinking: /home/unitree/unitree/unitree_vo/devel/share/vikit_common/cmake/vikit_commonConfig.cmake
Already unlinked: {}
